<!DOCTYPE html>
<html lang="fr">
<head>
<meta charset="UTF-8">
<!--[if IE]><meta http-equiv="X-UA-Compatible" content="IE=edge"><![endif]-->
<meta name="viewport" content="width=device-width, initial-scale=1.0">
<meta name="generator" content="Asciidoctor 1.5.8">
<meta name="author" content="Whjouaouaha">
<title>AsciiDoc Test page 2</title>
<link rel="stylesheet" href="https://fonts.googleapis.com/css?family=Open+Sans:300,300italic,400,400italic,600,600italic%7CNoto+Serif:400,400italic,700,700italic%7CDroid+Sans+Mono:400,700">
<link rel="stylesheet" href="./asciidoctor.css">
</head>
<body class="article">
<div id="header">
<h1>AsciiDoc Test page 2</h1>
<div class="details">
<span id="author" class="author">Whjouaouaha</span><br>
<span id="revnumber">version 1.0,</span>
<span id="revdate">f√©vrier 2012</span>
<br><span id="revremark">Commentaire de version avec ou sans marqueur Git.</span>
</div>
</div>
<div id="content">

</div>
<div id="footer">
<div id="footer-text">
Version 1.0<br>
Last updated 2019-04-03 16:10:58 +0200
</div>
</div>
</body>
</html>